// Jest Snapshot v1, https://goo.gl/fbAQLP

exports[`coblocks/column should render 1`] = `
"<!-- wp:coblocks/column -->
<div class=\\"wp-block-coblocks-column\\"><div class=\\"wp-block-coblocks-column__inner has-no-padding has-no-margin\\"></div></div>
<!-- /wp:coblocks/column -->"
`;
