// Jest Snapshot v1, https://goo.gl/fbAQLP

exports[`coblocks/services should render 1`] = `
"<!-- wp:coblocks/services -->
<div class=\\"wp-block-coblocks-services\\" data-columns=\\"2\\"></div>
<!-- /wp:coblocks/services -->"
`;
